// Vitest Snapshot v1, https://vitest.dev/guide/snapshot.html

exports[`sample KQL > matches snapshots > default-query 1`] = `
"declare query_parameters(StartTime:datetime, EndTime:datetime);
DeviceProcessEvents
| where Timestamp between (StartTime .. EndTime)
| take 1
| extend EventTime=Timestamp, Cluster=current_cluster_endpoint(), EventId=strcat(DeviceId, ReportIndex)"
`;

exports[`sample KQL > matches snapshots > tag-events 1`] = `
"alias database Tags = cluster("https://tags.kusto.windows.net").database("Research");
let getTagEvents=(T:(EventId:string)) {
  let EventIds=materialize(T | distinct EventId);
  let Events=EventIds
  | join kind=leftouter (
    database("Tags").SavedEvent
    | where EventId in (EventIds)
    | summarize arg_max(DateTimeUtc, *) by EventId
    | project EventId, IsSaved=true
  ) on EventId
  | join kind=leftouter (
    database("Tags").EventTag
    | where EventId in (EventIds)
    | summarize arg_max(DateTimeUtc, IsDeleted) by EventId, Tag
    | where not(IsDeleted)
    | summarize Tags=make_set(Tag) by EventId
    | project EventId, Tags
  ) on EventId
  | join kind=leftouter (
    database("Tags").EventComment
    | where EventId in (EventIds)
    | sort by DateTimeUtc desc
    | summarize arg_max(DateTimeUtc, Determination, IsDeleted, Comment),
      Comments=make_list(pack(
            "CreatedBy", CreatedBy,
            "Comment", Comment,
            "Determination", Determination,
            "DateTimeUtc", DateTimeUtc))
      by EventId
    | where not(IsDeleted)
    | project EventId, Determination, Comment, Comments
  ) on EventId
  | project-away EventId1, EventId2, EventId3
  | extend TagEvent=pack_all()
  | project EventId, TagEvent;
  T
  | join kind=inner Events on EventId
  | project-away EventId1
};
CreateFileEvents
| take 1
| invoke getTagEvents()"
`;

exports[`sample KQL > matches snapshots > time-range 1`] = `
"declare query_parameters(StartTime:datetime, EndTime:datetime);
...
| where Timestamp between (StartTime .. EndTime)"
`;
